Resolving dependencies...
Downloading packages...
  _fe_analyzer_shared 93.0.0 (98.0.0 available)
  analyzer 10.0.1 (12.0.0 available)
  dart_style 3.1.7 (3.1.8 available)
  file_picker 8.3.7 (11.0.0 available)
  meta 1.17.0 (1.18.2 available)
  test 1.30.0 (1.31.0 available)
  test_api 0.7.10 (0.7.11 available)
  test_core 0.6.16 (0.6.17 available)
  vector_math 2.2.0 (2.3.0 available)
  win32 5.15.0 (6.0.0 available)
Got dependencies!
10 packages have newer versions incompatible with dependency constraints.
Try `flutter pub outdated` for more information.
Running Gradle task 'assembleRelease'...                        
lib/features/applications/presentation/applications_tab.dart:40:56: Error: The getter 'valueOrNull' isn't defined for the type 'AsyncValue<List<StudentApplication>>'.
 - 'AsyncValue' is from 'package:riverpod/src/framework.dart' ('../../../../AppData/Local/Pub/Cache/hosted/pub.dev/riverpod-3.2.1/lib/src/framework.dart').
 - 'List' is from 'dart:core'.
 - 'StudentApplication' is from 'package:hanguk_app/features/applications/domain/application.dart' ('lib/features/applications/domain/application.dart').
Try correcting the name to the name of an existing getter, or defining a getter or field named 'valueOrNull'.
              final activeAppCount = applicationsAsync.valueOrNull?.length ?? 0;
                                                       ^^^^^^^^^^^
Target kernel_snapshot_program failed: Exception


FAILURE: Build failed with an exception.

* What went wrong:
Execution failed for task ':app:compileFlutterBuildRelease'.
> Process 'command 'C:\flutter\bin\flutter.bat'' finished with non-zero exit value 1

* Try:
> Run with --stacktrace option to get the stack trace.
> Run with --info or --debug option to get more log output.
> Run with --scan to get full insights.
> Get more help at https://help.gradle.org.

BUILD FAILED in 23s
Running Gradle task 'assembleRelease'...                           24.4s
Gradle task assembleRelease failed with exit code 1
