Analyzing hanguk_app...

  error - lib\features\applications\data\university_chat_repository.dart:66:38 - Classes can only extend other classes. Try specifying a different superclass, or removing the extends clause. - extends_non_class
  error - lib\features\applications\data\university_chat_repository.dart:74:5 - Undefined name 'ref'. Try correcting the name to one that is defined, or defining the name. - undefined_identifier
  error - lib\features\applications\data\university_chat_repository.dart:93:9 - Undefined name 'state'. Try correcting the name to one that is defined, or defining the name. - undefined_identifier
  error - lib\features\applications\data\university_chat_repository.dart:93:17 - Undefined name 'state'. Try correcting the name to one that is defined, or defining the name. - undefined_identifier
  error - lib\features\applications\data\university_chat_repository.dart:108:9 - Undefined name 'state'. Try correcting the name to one that is defined, or defining the name. - undefined_identifier
  error - lib\features\applications\data\university_chat_repository.dart:108:17 - Undefined name 'state'. Try correcting the name to one that is defined, or defining the name. - undefined_identifier
  error - lib\features\applications\data\university_chat_repository.dart:115:7 - Undefined name 'state'. Try correcting the name to one that is defined, or defining the name. - undefined_identifier
  error - lib\features\applications\data\university_chat_repository.dart:115:15 - Undefined name 'state'. Try correcting the name to one that is defined, or defining the name. - undefined_identifier
  error - lib\features\applications\data\university_chat_repository.dart:139:7 - Undefined name 'state'. Try correcting the name to one that is defined, or defining the name. - undefined_identifier
  error - lib\features\applications\data\university_chat_repository.dart:139:15 - Undefined name 'state'. Try correcting the name to one that is defined, or defining the name. - undefined_identifier
  error - lib\features\applications\data\university_chat_repository.dart:161:15 - Undefined name 'state'. Try correcting the name to one that is defined, or defining the name. - undefined_identifier
  error - lib\features\applications\data\university_chat_repository.dart:161:23 - Undefined name 'state'. Try correcting the name to one that is defined, or defining the name. - undefined_identifier
  error - lib\features\applications\data\university_chat_repository.dart:161:64 - Undefined name 'state'. Try correcting the name to one that is defined, or defining the name. - undefined_identifier
  error - lib\features\applications\data\university_chat_repository.dart:167:7 - The method 'debugPrint' isn't defined for the type 'UniversityChatNotifier'. Try correcting the name to the name of an existing method, or defining a method named 'debugPrint'. - undefined_method
  error - lib\features\applications\data\university_chat_repository.dart:168:7 - Undefined name 'state'. Try correcting the name to one that is defined, or defining the name. - undefined_identifier
  error - lib\features\applications\data\university_chat_repository.dart:168:15 - Undefined name 'state'. Try correcting the name to one that is defined, or defining the name. - undefined_identifier
  error - lib\features\applications\data\university_chat_repository.dart:173:35 - Undefined name 'state'. Try correcting the name to one that is defined, or defining the name. - undefined_identifier
  error - lib\features\applications\data\university_chat_repository.dart:178:7 - Undefined name 'state'. Try correcting the name to one that is defined, or defining the name. - undefined_identifier
  error - lib\features\applications\data\university_chat_repository.dart:178:15 - Undefined name 'state'. Try correcting the name to one that is defined, or defining the name. - undefined_identifier
  error - lib\features\applications\data\university_chat_repository.dart:184:23 - Undefined name 'state'. Try correcting the name to one that is defined, or defining the name. - undefined_identifier
  error - lib\features\applications\data\university_chat_repository.dart:191:7 - The method 'debugPrint' isn't defined for the type 'UniversityChatNotifier'. Try correcting the name to the name of an existing method, or defining a method named 'debugPrint'. - undefined_method
  error - lib\features\applications\data\university_chat_repository.dart:192:7 - Undefined name 'state'. Try correcting the name to one that is defined, or defining the name. - undefined_identifier
  error - lib\features\applications\data\university_chat_repository.dart:192:15 - Undefined name 'state'. Try correcting the name to one that is defined, or defining the name. - undefined_identifier
  error - lib\features\applications\data\university_chat_repository.dart:197:56 - 'UniversityChatNotifier' doesn't conform to the bound 'Notifier<UniversityChatState>' of the type parameter 'NotifierT'. Try using a type that is or is a subclass of 'Notifier<UniversityChatState>'. - type_argument_not_matching_bounds
  error - lib\features\applications\data\university_chat_repository.dart:197:109 - The argument type 'UniversityChatNotifier Function()' can't be assigned to the parameter type 'UniversityChatNotifier Function(String)'.  - argument_type_not_assignable
  error - lib\features\applications\data\university_events_repository.dart:58:40 - Classes can only extend other classes. Try specifying a different superclass, or removing the extends clause. - extends_non_class
  error - lib\features\applications\data\university_events_repository.dart:78:9 - Undefined name 'state'. Try correcting the name to one that is defined, or defining the name. - undefined_identifier
  error - lib\features\applications\data\university_events_repository.dart:78:17 - Undefined name 'state'. Try correcting the name to one that is defined, or defining the name. - undefined_identifier
  error - lib\features\applications\data\university_events_repository.dart:92:7 - Undefined name 'state'. Try correcting the name to one that is defined, or defining the name. - undefined_identifier
  error - lib\features\applications\data\university_events_repository.dart:92:15 - Undefined name 'state'. Try correcting the name to one that is defined, or defining the name. - undefined_identifier
  error - lib\features\applications\data\university_events_repository.dart:95:7 - Undefined name 'state'. Try correcting the name to one that is defined, or defining the name. - undefined_identifier
  error - lib\features\applications\data\university_events_repository.dart:95:15 - Undefined name 'state'. Try correcting the name to one that is defined, or defining the name. - undefined_identifier
  error - lib\features\applications\data\university_events_repository.dart:100:58 - 'UniversityEventsNotifier' doesn't conform to the bound 'Notifier<UniversityEventsState>' of the type parameter 'NotifierT'. Try using a type that is or is a subclass of 'Notifier<UniversityEventsState>'. - type_argument_not_matching_bounds
  error - lib\features\applications\data\university_events_repository.dart:100:115 - The argument type 'UniversityEventsNotifier Function()' can't be assigned to the parameter type 'UniversityEventsNotifier Function(String)'.  - argument_type_not_assignable
warning - lib\features\applications\data\applications_repository.dart:6:8 - Unused import: '../../map/data/map_repository.dart'. Try removing the import directive. - unused_import
warning - lib\features\applications\data\university_chat_repository.dart:70:23 - The method doesn't override an inherited method. Try updating this class to match the superclass, or removing the override annotation. - override_on_non_overriding_member
warning - lib\features\applications\data\university_events_repository.dart:60:25 - The method doesn't override an inherited method. Try updating this class to match the superclass, or removing the override annotation. - override_on_non_overriding_member
warning - lib\features\applications\presentation\widgets\university_selection_view.dart:45:11 - The value of the local variable 'uniNames' isn't used. Try removing the variable or using it. - unused_local_variable
warning - lib\features\auth\presentation\login_screen.dart:493:7 - The declaration '_LoadingView' isn't referenced. Try removing the declaration of '_LoadingView'. - unused_element
warning - lib\features\chat\presentation\widgets\chat_message_bubble.dart:4:8 - Unused import: '../../../../design_system/adaptive/hanguk_card.dart'. Try removing the import directive. - unused_import
warning - lib\features\documents\presentation\widgets\document_slot.dart:4:8 - Unused import: '../../../../design_system/adaptive/hanguk_card.dart'. Try removing the import directive. - unused_import
warning - lib\features\map\presentation\widgets\map_view\map_web.dart:3:8 - Unused import: 'dart:convert'. Try removing the import directive. - unused_import
warning - lib\features\map\presentation\widgets\university_detail_sheet.dart:356:33 - The '!' will have no effect because the receiver can't be null. Try removing the '!' operator. - unnecessary_non_null_assertion
   info - deploy_update.dart:2:8 - The imported package 'supabase' isn't a dependency of the importing package. Try adding a dependency for 'supabase' in the 'pubspec.yaml' file. - depend_on_referenced_packages
   info - deploy_update.dart:5:3 - Don't invoke 'print' in production code. Try using a logging framework. - avoid_print
   info - deploy_update.dart:16:5 - Don't invoke 'print' in production code. Try using a logging framework. - avoid_print
   info - deploy_update.dart:17:5 - Don't invoke 'print' in production code. Try using a logging framework. - avoid_print
   info - deploy_update.dart:25:3 - Don't invoke 'print' in production code. Try using a logging framework. - avoid_print
   info - deploy_update.dart:32:5 - Don't invoke 'print' in production code. Try using a logging framework. - avoid_print
   info - deploy_update.dart:34:5 - Don't invoke 'print' in production code. Try using a logging framework. - avoid_print
   info - deploy_update.dart:37:3 - Don't invoke 'print' in production code. Try using a logging framework. - avoid_print
   info - deploy_update.dart:39:3 - Don't invoke 'print' in production code. Try using a logging framework. - avoid_print
   info - deploy_update.dart:41:3 - Don't invoke 'print' in production code. Try using a logging framework. - avoid_print
   info - deploy_update.dart:48:5 - Don't invoke 'print' in production code. Try using a logging framework. - avoid_print
   info - deploy_update.dart:50:5 - Don't invoke 'print' in production code. Try using a logging framework. - avoid_print
   info - deploy_update.dart:54:3 - Don't invoke 'print' in production code. Try using a logging framework. - avoid_print
   info - deploy_update.dart:55:3 - Don't invoke 'print' in production code. Try using a logging framework. - avoid_print
   info - lib\design_system\adaptive\hanguk_card.dart:29:39 - 'withOpacity' is deprecated and shouldn't be used. Use .withValues() to avoid precision loss. Try replacing the use of the deprecated member with the replacement. - deprecated_member_use
   info - lib\design_system\theme\app_theme.dart:55:43 - 'withOpacity' is deprecated and shouldn't be used. Use .withValues() to avoid precision loss. Try replacing the use of the deprecated member with the replacement. - deprecated_member_use
   info - lib\design_system\theme\app_theme.dart:89:39 - 'withOpacity' is deprecated and shouldn't be used. Use .withValues() to avoid precision loss. Try replacing the use of the deprecated member with the replacement. - deprecated_member_use
   info - lib\features\applications\data\applications_repository.dart:69:5 - Use 'rethrow' to rethrow a caught exception. Try replacing the 'throw' with a 'rethrow'. - use_rethrow_when_possible
   info - lib\features\applications\data\applications_repository.dart:141:5 - Use 'rethrow' to rethrow a caught exception. Try replacing the 'throw' with a 'rethrow'. - use_rethrow_when_possible
   info - lib\features\applications\presentation\widgets\application_card.dart:63:52 - 'withOpacity' is deprecated and shouldn't be used. Use .withValues() to avoid precision loss. Try replacing the use of the deprecated member with the replacement. - deprecated_member_use
   info - lib\features\applications\presentation\widgets\application_card.dart:116:38 - 'withOpacity' is deprecated and shouldn't be used. Use .withValues() to avoid precision loss. Try replacing the use of the deprecated member with the replacement. - deprecated_member_use
   info - lib\features\applications\presentation\widgets\process_tracker.dart:62:35 - 'withOpacity' is deprecated and shouldn't be used. Use .withValues() to avoid precision loss. Try replacing the use of the deprecated member with the replacement. - deprecated_member_use
   info - lib\features\applications\presentation\widgets\process_tracker.dart:96:43 - 'withOpacity' is deprecated and shouldn't be used. Use .withValues() to avoid precision loss. Try replacing the use of the deprecated member with the replacement. - deprecated_member_use
   info - lib\features\applications\presentation\widgets\university_room_modal.dart:1:8 - The import of 'package:flutter/cupertino.dart' is unnecessary because all of the used elements are also provided by the import of 'package:flutter/material.dart'. Try removing the import directive. - unnecessary_import
   info - lib\features\applications\presentation\widgets\university_room_modal.dart:56:52 - 'withOpacity' is deprecated and shouldn't be used. Use .withValues() to avoid precision loss. Try replacing the use of the deprecated member with the replacement. - deprecated_member_use
   info - lib\features\applications\presentation\widgets\university_room_modal.dart:86:41 - 'withOpacity' is deprecated and shouldn't be used. Use .withValues() to avoid precision loss. Try replacing the use of the deprecated member with the replacement. - deprecated_member_use
   info - lib\features\applications\presentation\widgets\university_room_modal.dart:105:27 - The local variable '_getEventsForDay' starts with an underscore. Try renaming the variable to not start with an underscore. - no_leading_underscores_for_local_identifiers
   info - lib\features\applications\presentation\widgets\university_room_modal.dart:134:39 - 'withOpacity' is deprecated and shouldn't be used. Use .withValues() to avoid precision loss. Try replacing the use of the deprecated member with the replacement. - deprecated_member_use
   info - lib\features\applications\presentation\widgets\university_room_modal.dart:146:62 - 'withOpacity' is deprecated and shouldn't be used. Use .withValues() to avoid precision loss. Try replacing the use of the deprecated member with the replacement. - deprecated_member_use
   info - lib\features\applications\presentation\widgets\university_room_modal.dart:227:139 - 'withOpacity' is deprecated and shouldn't be used. Use .withValues() to avoid precision loss. Try replacing the use of the deprecated member with the replacement. - deprecated_member_use
   info - lib\features\applications\presentation\widgets\university_room_modal.dart:242:80 - 'withOpacity' is deprecated and shouldn't be used. Use .withValues() to avoid precision loss. Try replacing the use of the deprecated member with the replacement. - deprecated_member_use
   info - lib\features\applications\presentation\widgets\university_room_modal.dart:254:61 - 'withOpacity' is deprecated and shouldn't be used. Use .withValues() to avoid precision loss. Try replacing the use of the deprecated member with the replacement. - deprecated_member_use
   info - lib\features\applications\presentation\widgets\university_room_modal.dart:300:85 - 'withOpacity' is deprecated and shouldn't be used. Use .withValues() to avoid precision loss. Try replacing the use of the deprecated member with the replacement. - deprecated_member_use
   info - lib\features\applications\presentation\widgets\university_room_modal.dart:324:60 - 'withOpacity' is deprecated and shouldn't be used. Use .withValues() to avoid precision loss. Try replacing the use of the deprecated member with the replacement. - deprecated_member_use
   info - lib\features\applications\presentation\widgets\university_room_modal.dart:372:92 - 'withOpacity' is deprecated and shouldn't be used. Use .withValues() to avoid precision loss. Try replacing the use of the deprecated member with the replacement. - deprecated_member_use
   info - lib\features\applications\presentation\widgets\university_room_modal.dart:386:61 - 'withOpacity' is deprecated and shouldn't be used. Use .withValues() to avoid precision loss. Try replacing the use of the deprecated member with the replacement. - deprecated_member_use
   info - lib\features\applications\presentation\widgets\university_room_modal.dart:393:74 - 'withOpacity' is deprecated and shouldn't be used. Use .withValues() to avoid precision loss. Try replacing the use of the deprecated member with the replacement. - deprecated_member_use
   info - lib\features\applications\presentation\widgets\university_selection_view.dart:74:28 - Don't use 'BuildContext's across async gaps. Try rewriting the code to not use the 'BuildContext', or guard the use with a 'mounted' check. - use_build_context_synchronously
   info - lib\features\applications\presentation\widgets\university_selection_view.dart:111:58 - 'withOpacity' is deprecated and shouldn't be used. Use .withValues() to avoid precision loss. Try replacing the use of the deprecated member with the replacement. - deprecated_member_use
   info - lib\features\applications\presentation\widgets\university_selection_view.dart:161:60 - 'withOpacity' is deprecated and shouldn't be used. Use .withValues() to avoid precision loss. Try replacing the use of the deprecated member with the replacement. - deprecated_member_use
   info - lib\features\applications\presentation\widgets\university_selection_view.dart:210:39 - 'withOpacity' is deprecated and shouldn't be used. Use .withValues() to avoid precision loss. Try replacing the use of the deprecated member with the replacement. - deprecated_member_use
   info - lib\features\auth\presentation\login_screen.dart:223:45 - 'withOpacity' is deprecated and shouldn't be used. Use .withValues() to avoid precision loss. Try replacing the use of the deprecated member with the replacement. - deprecated_member_use
   info - lib\features\auth\presentation\login_screen.dart:477:27 - Unnecessary use of multiple underscores. Try using '_'. - unnecessary_underscores
   info - lib\features\auth\presentation\login_screen.dart:477:31 - Unnecessary use of multiple underscores. Try using '_'. - unnecessary_underscores
   info - lib\features\chat\presentation\chat_tab.dart:116:55 - 'withOpacity' is deprecated and shouldn't be used. Use .withValues() to avoid precision loss. Try replacing the use of the deprecated member with the replacement. - deprecated_member_use
   info - lib\features\chat\presentation\chat_tab.dart:141:49 - 'withOpacity' is deprecated and shouldn't be used. Use .withValues() to avoid precision loss. Try replacing the use of the deprecated member with the replacement. - deprecated_member_use
   info - lib\features\chat\presentation\widgets\chat_message_bubble.dart:44:46 - 'withOpacity' is deprecated and shouldn't be used. Use .withValues() to avoid precision loss. Try replacing the use of the deprecated member with the replacement. - deprecated_member_use
   info - lib\features\chat\presentation\widgets\chat_message_bubble.dart:68:37 - 'withOpacity' is deprecated and shouldn't be used. Use .withValues() to avoid precision loss. Try replacing the use of the deprecated member with the replacement. - deprecated_member_use
   info - lib\features\documents\presentation\documents_tab.dart:101:50 - 'withOpacity' is deprecated and shouldn't be used. Use .withValues() to avoid precision loss. Try replacing the use of the deprecated member with the replacement. - deprecated_member_use
   info - lib\features\documents\presentation\documents_tab.dart:103:69 - 'withOpacity' is deprecated and shouldn't be used. Use .withValues() to avoid precision loss. Try replacing the use of the deprecated member with the replacement. - deprecated_member_use
   info - lib\features\home\presentation\welcome_screen.dart:74:56 - 'withOpacity' is deprecated and shouldn't be used. Use .withValues() to avoid precision loss. Try replacing the use of the deprecated member with the replacement. - deprecated_member_use
   info - lib\features\home\presentation\welcome_screen.dart:79:49 - 'withOpacity' is deprecated and shouldn't be used. Use .withValues() to avoid precision loss. Try replacing the use of the deprecated member with the replacement. - deprecated_member_use
   info - lib\features\home\presentation\welcome_screen.dart:109:45 - 'withOpacity' is deprecated and shouldn't be used. Use .withValues() to avoid precision loss. Try replacing the use of the deprecated member with the replacement. - deprecated_member_use
   info - lib\features\map\presentation\map_tab.dart:107:49 - 'withOpacity' is deprecated and shouldn't be used. Use .withValues() to avoid precision loss. Try replacing the use of the deprecated member with the replacement. - deprecated_member_use
   info - lib\features\map\presentation\map_tab.dart:238:33 - 'withOpacity' is deprecated and shouldn't be used. Use .withValues() to avoid precision loss. Try replacing the use of the deprecated member with the replacement. - deprecated_member_use
   info - lib\features\map\presentation\map_tab.dart:259:61 - 'withOpacity' is deprecated and shouldn't be used. Use .withValues() to avoid precision loss. Try replacing the use of the deprecated member with the replacement. - deprecated_member_use
   info - lib\features\map\presentation\map_tab.dart:287:39 - 'withOpacity' is deprecated and shouldn't be used. Use .withValues() to avoid precision loss. Try replacing the use of the deprecated member with the replacement. - deprecated_member_use
   info - lib\features\map\presentation\map_tab.dart:288:30 - 'withOpacity' is deprecated and shouldn't be used. Use .withValues() to avoid precision loss. Try replacing the use of the deprecated member with the replacement. - deprecated_member_use
   info - lib\features\map\presentation\map_tab.dart:292:41 - 'withOpacity' is deprecated and shouldn't be used. Use .withValues() to avoid precision loss. Try replacing the use of the deprecated member with the replacement. - deprecated_member_use
   info - lib\features\map\presentation\map_tab.dart:293:32 - 'withOpacity' is deprecated and shouldn't be used. Use .withValues() to avoid precision loss. Try replacing the use of the deprecated member with the replacement. - deprecated_member_use
   info - lib\features\map\presentation\map_tab.dart:328:39 - 'withOpacity' is deprecated and shouldn't be used. Use .withValues() to avoid precision loss. Try replacing the use of the deprecated member with the replacement. - deprecated_member_use
   info - lib\features\map\presentation\map_tab.dart:329:30 - 'withOpacity' is deprecated and shouldn't be used. Use .withValues() to avoid precision loss. Try replacing the use of the deprecated member with the replacement. - deprecated_member_use
   info - lib\features\map\presentation\map_tab.dart:333:41 - 'withOpacity' is deprecated and shouldn't be used. Use .withValues() to avoid precision loss. Try replacing the use of the deprecated member with the replacement. - deprecated_member_use
   info - lib\features\map\presentation\map_tab.dart:334:32 - 'withOpacity' is deprecated and shouldn't be used. Use .withValues() to avoid precision loss. Try replacing the use of the deprecated member with the replacement. - deprecated_member_use
   info - lib\features\map\presentation\widgets\map_view\map_mobile.dart:22:9 - Parameter 'key' could be a super parameter. Trying converting 'key' to a super parameter. - use_super_parameters
   info - lib\features\map\presentation\widgets\map_view\map_web.dart:1:1 - 'dart:html' is deprecated and shouldn't be used. Use package:web and dart:js_interop instead. Try replacing the use of the deprecated member with the replacement. - deprecated_member_use
   info - lib\features\map\presentation\widgets\map_view\map_web.dart:1:1 - Don't use web-only libraries outside Flutter web plugins. Try finding a different library for your needs. - avoid_web_libraries_in_flutter
   info - lib\features\map\presentation\widgets\map_view\map_web.dart:23:9 - Parameter 'key' could be a super parameter. Trying converting 'key' to a super parameter. - use_super_parameters
   info - lib\features\map\presentation\widgets\university_card.dart:72:29 - Unnecessary use of multiple underscores. Try using '_'. - unnecessary_underscores
   info - lib\features\map\presentation\widgets\university_card.dart:72:33 - Unnecessary use of multiple underscores. Try using '_'. - unnecessary_underscores
   info - lib\features\map\presentation\widgets\university_card.dart:84:38 - 'withOpacity' is deprecated and shouldn't be used. Use .withValues() to avoid precision loss. Try replacing the use of the deprecated member with the replacement. - deprecated_member_use
   info - lib\features\map\presentation\widgets\university_card.dart:86:57 - 'withOpacity' is deprecated and shouldn't be used. Use .withValues() to avoid precision loss. Try replacing the use of the deprecated member with the replacement. - deprecated_member_use
   info - lib\features\map\presentation\widgets\university_card.dart:99:37 - 'withOpacity' is deprecated and shouldn't be used. Use .withValues() to avoid precision loss. Try replacing the use of the deprecated member with the replacement. - deprecated_member_use
   info - lib\features\map\presentation\widgets\university_card.dart:100:28 - 'withOpacity' is deprecated and shouldn't be used. Use .withValues() to avoid precision loss. Try replacing the use of the deprecated member with the replacement. - deprecated_member_use
   info - lib\features\map\presentation\widgets\university_card.dart:104:39 - 'withOpacity' is deprecated and shouldn't be used. Use .withValues() to avoid precision loss. Try replacing the use of the deprecated member with the replacement. - deprecated_member_use
   info - lib\features\map\presentation\widgets\university_card.dart:105:30 - 'withOpacity' is deprecated and shouldn't be used. Use .withValues() to avoid precision loss. Try replacing the use of the deprecated member with the replacement. - deprecated_member_use
   info - lib\features\map\presentation\widgets\university_card.dart:123:38 - 'withOpacity' is deprecated and shouldn't be used. Use .withValues() to avoid precision loss. Try replacing the use of the deprecated member with the replacement. - deprecated_member_use
   info - lib\features\map\presentation\widgets\university_detail_sheet.dart:34:41 - 'withOpacity' is deprecated and shouldn't be used. Use .withValues() to avoid precision loss. Try replacing the use of the deprecated member with the replacement. - deprecated_member_use
   info - lib\features\map\presentation\widgets\university_detail_sheet.dart:90:70 - 'withOpacity' is deprecated and shouldn't be used. Use .withValues() to avoid precision loss. Try replacing the use of the deprecated member with the replacement. - deprecated_member_use
   info - lib\features\map\presentation\widgets\university_detail_sheet.dart:93:72 - 'withOpacity' is deprecated and shouldn't be used. Use .withValues() to avoid precision loss. Try replacing the use of the deprecated member with the replacement. - deprecated_member_use
   info - lib\features\map\presentation\widgets\university_detail_sheet.dart:213:62 - 'withOpacity' is deprecated and shouldn't be used. Use .withValues() to avoid precision loss. Try replacing the use of the deprecated member with the replacement. - deprecated_member_use
   info - lib\features\map\presentation\widgets\university_detail_sheet.dart:241:29 - Unnecessary use of multiple underscores. Try using '_'. - unnecessary_underscores
   info - lib\features\map\presentation\widgets\university_detail_sheet.dart:241:33 - Unnecessary use of multiple underscores. Try using '_'. - unnecessary_underscores
   info - lib\features\map\presentation\widgets\university_detail_sheet.dart:253:38 - 'withOpacity' is deprecated and shouldn't be used. Use .withValues() to avoid precision loss. Try replacing the use of the deprecated member with the replacement. - deprecated_member_use
   info - lib\features\map\presentation\widgets\university_detail_sheet.dart:255:57 - 'withOpacity' is deprecated and shouldn't be used. Use .withValues() to avoid precision loss. Try replacing the use of the deprecated member with the replacement. - deprecated_member_use
   info - lib\features\map\presentation\widgets\university_detail_sheet.dart:290:47 - 'withOpacity' is deprecated and shouldn't be used. Use .withValues() to avoid precision loss. Try replacing the use of the deprecated member with the replacement. - deprecated_member_use
   info - lib\features\map\presentation\widgets\university_detail_sheet.dart:291:38 - 'withOpacity' is deprecated and shouldn't be used. Use .withValues() to avoid precision loss. Try replacing the use of the deprecated member with the replacement. - deprecated_member_use
   info - lib\features\map\presentation\widgets\university_detail_sheet.dart:295:49 - 'withOpacity' is deprecated and shouldn't be used. Use .withValues() to avoid precision loss. Try replacing the use of the deprecated member with the replacement. - deprecated_member_use
   info - lib\features\map\presentation\widgets\university_detail_sheet.dart:296:40 - 'withOpacity' is deprecated and shouldn't be used. Use .withValues() to avoid precision loss. Try replacing the use of the deprecated member with the replacement. - deprecated_member_use
   info - lib\features\map\presentation\widgets\university_map_view.dart:47:37 - 'withOpacity' is deprecated and shouldn't be used. Use .withValues() to avoid precision loss. Try replacing the use of the deprecated member with the replacement. - deprecated_member_use
   info - lib\features\map\presentation\widgets\university_map_view.dart:50:48 - 'withOpacity' is deprecated and shouldn't be used. Use .withValues() to avoid precision loss. Try replacing the use of the deprecated member with the replacement. - deprecated_member_use
   info - lib\features\map\presentation\widgets\university_roadview_screen.dart:63:39 - 'withOpacity' is deprecated and shouldn't be used. Use .withValues() to avoid precision loss. Try replacing the use of the deprecated member with the replacement. - deprecated_member_use
   info - lib\features\map\presentation\widgets\university_roadview_screen.dart:83:37 - 'withOpacity' is deprecated and shouldn't be used. Use .withValues() to avoid precision loss. Try replacing the use of the deprecated member with the replacement. - deprecated_member_use
   info - lib\features\training\data\study_plan_repository.dart:67:11 - Use the null-aware marker '?' rather than a null check via an 'if'. Try using '?'. - use_null_aware_elements
   info - lib\features\training\data\study_plan_repository.dart:68:11 - Use the null-aware marker '?' rather than a null check via an 'if'. Try using '?'. - use_null_aware_elements
   info - lib\features\training\presentation\interview_screen.dart:32:23 - Don't invoke 'print' in production code. Try using a logging framework. - avoid_print
   info - lib\features\training\presentation\interview_screen.dart:169:46 - 'withOpacity' is deprecated and shouldn't be used. Use .withValues() to avoid precision loss. Try replacing the use of the deprecated member with the replacement. - deprecated_member_use
   info - lib\features\training\presentation\interview_screen.dart:218:37 - 'withOpacity' is deprecated and shouldn't be used. Use .withValues() to avoid precision loss. Try replacing the use of the deprecated member with the replacement. - deprecated_member_use
   info - lib\features\training\presentation\interview_screen.dart:224:58 - 'withOpacity' is deprecated and shouldn't be used. Use .withValues() to avoid precision loss. Try replacing the use of the deprecated member with the replacement. - deprecated_member_use
   info - lib\features\training\presentation\interview_screen.dart:249:37 - 'withOpacity' is deprecated and shouldn't be used. Use .withValues() to avoid precision loss. Try replacing the use of the deprecated member with the replacement. - deprecated_member_use
   info - lib\features\training\presentation\interview_screen.dart:315:42 - 'withOpacity' is deprecated and shouldn't be used. Use .withValues() to avoid precision loss. Try replacing the use of the deprecated member with the replacement. - deprecated_member_use
   info - lib\features\training\presentation\study_plan_screen.dart:95:37 - 'withOpacity' is deprecated and shouldn't be used. Use .withValues() to avoid precision loss. Try replacing the use of the deprecated member with the replacement. - deprecated_member_use
   info - lib\features\training\presentation\study_plan_screen.dart:181:37 - 'withOpacity' is deprecated and shouldn't be used. Use .withValues() to avoid precision loss. Try replacing the use of the deprecated member with the replacement. - deprecated_member_use
   info - lib\features\training\presentation\study_plan_screen.dart:239:37 - 'withOpacity' is deprecated and shouldn't be used. Use .withValues() to avoid precision loss. Try replacing the use of the deprecated member with the replacement. - deprecated_member_use
   info - lib\features\training\presentation\study_plan_screen.dart:241:56 - 'withOpacity' is deprecated and shouldn't be used. Use .withValues() to avoid precision loss. Try replacing the use of the deprecated member with the replacement. - deprecated_member_use
   info - lib\features\training\presentation\study_plan_screen.dart:276:46 - 'withOpacity' is deprecated and shouldn't be used. Use .withValues() to avoid precision loss. Try replacing the use of the deprecated member with the replacement. - deprecated_member_use
   info - lib\features\training\presentation\study_plan_screen.dart:278:65 - 'withOpacity' is deprecated and shouldn't be used. Use .withValues() to avoid precision loss. Try replacing the use of the deprecated member with the replacement. - deprecated_member_use
   info - lib\features\training\presentation\training_tab.dart:101:42 - 'withOpacity' is deprecated and shouldn't be used. Use .withValues() to avoid precision loss. Try replacing the use of the deprecated member with the replacement. - deprecated_member_use
   info - lib\features\training\presentation\training_tab.dart:103:43 - 'withOpacity' is deprecated and shouldn't be used. Use .withValues() to avoid precision loss. Try replacing the use of the deprecated member with the replacement. - deprecated_member_use
   info - lib\features\training\presentation\training_tab.dart:106:28 - 'withOpacity' is deprecated and shouldn't be used. Use .withValues() to avoid precision loss. Try replacing the use of the deprecated member with the replacement. - deprecated_member_use
   info - lib\features\training\presentation\training_tab.dart:120:27 - 'withOpacity' is deprecated and shouldn't be used. Use .withValues() to avoid precision loss. Try replacing the use of the deprecated member with the replacement. - deprecated_member_use
   info - lib\features\training\presentation\training_tab.dart:121:27 - 'withOpacity' is deprecated and shouldn't be used. Use .withValues() to avoid precision loss. Try replacing the use of the deprecated member with the replacement. - deprecated_member_use
   info - lib\features\training\presentation\training_tab.dart:127:49 - 'withOpacity' is deprecated and shouldn't be used. Use .withValues() to avoid precision loss. Try replacing the use of the deprecated member with the replacement. - deprecated_member_use
   info - lib\features\training\presentation\training_tab.dart:130:34 - 'withOpacity' is deprecated and shouldn't be used. Use .withValues() to avoid precision loss. Try replacing the use of the deprecated member with the replacement. - deprecated_member_use
   info - lib\features\training\presentation\training_tab.dart:156:43 - 'withOpacity' is deprecated and shouldn't be used. Use .withValues() to avoid precision loss. Try replacing the use of the deprecated member with the replacement. - deprecated_member_use
   info - lib\features\training\presentation\training_tab.dart:167:37 - 'withOpacity' is deprecated and shouldn't be used. Use .withValues() to avoid precision loss. Try replacing the use of the deprecated member with the replacement. - deprecated_member_use
   info - lib\features\training\presentation\training_tab.dart:170:73 - 'withOpacity' is deprecated and shouldn't be used. Use .withValues() to avoid precision loss. Try replacing the use of the deprecated member with the replacement. - deprecated_member_use

160 issues found.
